Copyright 1986-2020 Xilinx, Inc. All Rights Reserved.
-------------------------------------------------------------------------------------------
| Tool Version : Vivado v.2020.1 (win64) Build 2902540 Wed May 27 19:54:49 MDT 2020
| Date         : Thu May 30 15:37:07 2024
| Host         : zjuer-xixi running 64-bit major release  (build 9200)
| Command      : report_control_sets -verbose -file MusicPLayerTop_control_sets_placed.rpt
| Design       : MusicPLayerTop
| Device       : xc7a200t
-------------------------------------------------------------------------------------------

Control Set Information

Table of Contents
-----------------
1. Summary
2. Histogram
3. Flip-Flop Distribution
4. Detailed Control Set Information

1. Summary
----------

+----------------------------------------------------------+-------+
|                          Status                          | Count |
+----------------------------------------------------------+-------+
| Total control sets                                       |    19 |
|    Minimum number of control sets                        |    19 |
|    Addition due to synthesis replication                 |     0 |
|    Addition due to physical synthesis replication        |     0 |
| Unused register locations in slices containing registers |    63 |
+----------------------------------------------------------+-------+
* Control sets can be merged at opt_design using control_set_merge or merge_equivalent_drivers
** Run report_qor_suggestions for automated merging and remapping suggestions


2. Histogram
------------

+--------------------+-------+
|       Fanout       | Count |
+--------------------+-------+
| Total control sets |    19 |
| >= 0 to < 4        |     4 |
| >= 4 to < 6        |     5 |
| >= 6 to < 8        |     2 |
| >= 8 to < 10       |     1 |
| >= 10 to < 12      |     0 |
| >= 12 to < 14      |     0 |
| >= 14 to < 16      |     1 |
| >= 16              |     6 |
+--------------------+-------+
* Control sets can be remapped at either synth_design or opt_design


3. Flip-Flop Distribution
-------------------------

+--------------+-----------------------+------------------------+-----------------+--------------+
| Clock Enable | Synchronous Set/Reset | Asynchronous Set/Reset | Total Registers | Total Slices |
+--------------+-----------------------+------------------------+-----------------+--------------+
| No           | No                    | No                     |              54 |           23 |
| No           | No                    | Yes                    |               0 |            0 |
| No           | Yes                   | No                     |              51 |           14 |
| Yes          | No                    | No                     |              26 |            9 |
| Yes          | No                    | Yes                    |              28 |            7 |
| Yes          | Yes                   | No                     |              26 |            7 |
+--------------+-----------------------+------------------------+-----------------+--------------+


4. Detailed Control Set Information
-----------------------------------

+--------------------------------------+----------------------------------------------------------------------------------------------+-------------------------------------------------------------------+------------------+----------------+--------------+
|             Clock Signal             |                                         Enable Signal                                        |                          Set/Reset Signal                         | Slice Load Count | Bel Load Count | Bels / Slice |
+--------------------------------------+----------------------------------------------------------------------------------------------+-------------------------------------------------------------------+------------------+----------------+--------------+
| ~AudioInterface_inst/LRCLK_OBUF_BUFG |                                                                                              |                                                                   |                1 |              1 |         1.00 |
|  AudioInterface_inst/BCLK_OBUF_BUFG  |                                                                                              |                                                                   |                1 |              1 |         1.00 |
|  DCM_inst/inst/clk_out1              | music_player_inst/mcu_inst/mcu_control_inst/E[0]                                             | reset_IBUF                                                        |                1 |              2 |         2.00 |
|  AudioInterface_inst/LRCLK_OBUF_BUFG |                                                                                              |                                                                   |                2 |              3 |         1.50 |
|  DCM_inst/inst/clk_out1              |                                                                                              | music_player_inst/mcu_inst/mcu_control_inst/SR[0]                 |                1 |              4 |         4.00 |
|  DCM_inst/inst/clk_out1              | next_button_process_unit/debounce/div_inst/E[0]                                              | next_button_process_unit/debounce/state/SR[0]                     |                1 |              4 |         4.00 |
|  DCM_inst/inst/clk_out1              | play_button_process_unit/debounce/div_inst/E[0]                                              | play_button_process_unit/debounce/state/SR[0]                     |                1 |              4 |         4.00 |
|  AudioInterface_inst/LRCLK_OBUF_BUFG | AudioInterface_inst/I2cInterface_inst/Q[1]                                                   | reset_IBUF                                                        |                2 |              5 |         2.50 |
|  DCM_inst/inst/clk_out1              | music_player_inst/note_player_inst/note_player_control_inst/FSM_sequential_state_reg[1]_0[0] | music_player_inst/mcu_inst/mcu_control_inst/SR[0]                 |                1 |              5 |         5.00 |
|  DCM_inst/inst/clk_out1              | music_player_inst/counter_inst1/beat                                                         | music_player_inst/note_player_inst/note_player_control_inst/SR[0] |                1 |              6 |         6.00 |
|  DCM_inst/inst/clk_out1              | music_player_inst/note_player_inst/note_player_control_inst/E[0]                             | music_player_inst/mcu_inst/mcu_control_inst/AR[0]                 |                1 |              6 |         6.00 |
| ~AudioInterface_inst/MCLK_OBUF_BUFG  |                                                                                              |                                                                   |                2 |              8 |         4.00 |
|  AudioInterface_inst/LRCLK_OBUF_BUFG |                                                                                              | reset_IBUF                                                        |                5 |             15 |         3.00 |
| ~AudioInterface_inst/BCLK_OBUF_BUFG  |                                                                                              |                                                                   |                4 |             16 |         4.00 |
|  DCM_inst/inst/clk_out1              |                                                                                              | next_button_process_unit/debounce/div_inst/E[0]                   |                4 |             16 |         4.00 |
|  DCM_inst/inst/clk_out1              |                                                                                              | play_button_process_unit/debounce/div_inst/E[0]                   |                4 |             16 |         4.00 |
|  DCM_inst/inst/clk_out1              | music_player_inst/synchronizer_inst/dffr1/q_reg[0]_0[0]                                      | music_player_inst/mcu_inst/mcu_control_inst/AR[0]                 |                6 |             22 |         3.67 |
|  DCM_inst/inst/clk_out1              |                                                                                              |                                                                   |               13 |             25 |         1.92 |
|  DCM_inst/inst/clk_out1              | music_player_inst/synchronizer_inst/dffr1/q_reg[0]_0[0]                                      |                                                                   |                9 |             26 |         2.89 |
+--------------------------------------+----------------------------------------------------------------------------------------------+-------------------------------------------------------------------+------------------+----------------+--------------+


